Archive member included because of file (symbol)

c:/program files (x86)/atmel/atmel toolchain/avr8 gcc/native/3.4.1056/avr8-gnu-toolchain/bin/../lib/gcc/avr/4.8.1/avrxmega6\libgcc.a(_exit.o)
                              c:/program files (x86)/atmel/atmel toolchain/avr8 gcc/native/3.4.1056/avr8-gnu-toolchain/bin/../lib/gcc/avr/4.8.1/../../../../avr/lib/avrxmega6/crtx128a3.o (exit)

Discarded input sections

 .bss           0x00000000        0x0 c:/program files (x86)/atmel/atmel toolchain/avr8 gcc/native/3.4.1056/avr8-gnu-toolchain/bin/../lib/gcc/avr/4.8.1/../../../../avr/lib/avrxmega6/crtx128a3.o
 .text          0x00000000        0x0 RTVT.o
 .bss           0x00000000        0x0 RTVT.o
 .text          0x00000000        0x0 uart_driver.o
 .bss           0x00000000        0x0 uart_driver.o
 .text._ZN10UartDriverC2Ev
                0x00000000        0x2 uart_driver.o
 .text._ZN10UartDriver4initE12USART_structNS_5PMODEENS_6CHSIZEEbcc
                0x00000000       0xc6 uart_driver.o
 .text          0x00000000        0x0 c:/program files (x86)/atmel/atmel toolchain/avr8 gcc/native/3.4.1056/avr8-gnu-toolchain/bin/../lib/gcc/avr/4.8.1/avrxmega6\libgcc.a(_exit.o)
 .bss           0x00000000        0x0 c:/program files (x86)/atmel/atmel toolchain/avr8 gcc/native/3.4.1056/avr8-gnu-toolchain/bin/../lib/gcc/avr/4.8.1/avrxmega6\libgcc.a(_exit.o)
 .text.libgcc.mul
                0x00000000        0x0 c:/program files (x86)/atmel/atmel toolchain/avr8 gcc/native/3.4.1056/avr8-gnu-toolchain/bin/../lib/gcc/avr/4.8.1/avrxmega6\libgcc.a(_exit.o)
 .text.libgcc.div
                0x00000000        0x0 c:/program files (x86)/atmel/atmel toolchain/avr8 gcc/native/3.4.1056/avr8-gnu-toolchain/bin/../lib/gcc/avr/4.8.1/avrxmega6\libgcc.a(_exit.o)
 .text.libgcc   0x00000000        0x0 c:/program files (x86)/atmel/atmel toolchain/avr8 gcc/native/3.4.1056/avr8-gnu-toolchain/bin/../lib/gcc/avr/4.8.1/avrxmega6\libgcc.a(_exit.o)
 .text.libgcc.prologue
                0x00000000        0x0 c:/program files (x86)/atmel/atmel toolchain/avr8 gcc/native/3.4.1056/avr8-gnu-toolchain/bin/../lib/gcc/avr/4.8.1/avrxmega6\libgcc.a(_exit.o)
 .text.libgcc.builtins
                0x00000000        0x0 c:/program files (x86)/atmel/atmel toolchain/avr8 gcc/native/3.4.1056/avr8-gnu-toolchain/bin/../lib/gcc/avr/4.8.1/avrxmega6\libgcc.a(_exit.o)
 .text.libgcc.fmul
                0x00000000        0x0 c:/program files (x86)/atmel/atmel toolchain/avr8 gcc/native/3.4.1056/avr8-gnu-toolchain/bin/../lib/gcc/avr/4.8.1/avrxmega6\libgcc.a(_exit.o)
 .text.libgcc.fixed
                0x00000000        0x0 c:/program files (x86)/atmel/atmel toolchain/avr8 gcc/native/3.4.1056/avr8-gnu-toolchain/bin/../lib/gcc/avr/4.8.1/avrxmega6\libgcc.a(_exit.o)

Memory Configuration

Name             Origin             Length             Attributes
text             0x00000000         0x00100000         xr
data             0x00802000         0x0000ffa0         rw !x
eeprom           0x00810000         0x00010000         rw !x
fuse             0x00820000         0x00000400         rw !x
lock             0x00830000         0x00000400         rw !x
signature        0x00840000         0x00000400         rw !x
user_signatures  0x00850000         0x00000400         rw !x
*default*        0x00000000         0xffffffff

Linker script and memory map

LOAD c:/program files (x86)/atmel/atmel toolchain/avr8 gcc/native/3.4.1056/avr8-gnu-toolchain/bin/../lib/gcc/avr/4.8.1/../../../../avr/lib/avrxmega6/crtx128a3.o
LOAD RTVT.o
LOAD uart_driver.o
START GROUP
LOAD c:/program files (x86)/atmel/atmel toolchain/avr8 gcc/native/3.4.1056/avr8-gnu-toolchain/bin/../lib/gcc/avr/4.8.1/../../../../avr/lib/avrxmega6\libm.a
END GROUP
LOAD c:/program files (x86)/atmel/atmel toolchain/avr8 gcc/native/3.4.1056/avr8-gnu-toolchain/bin/../lib/gcc/avr/4.8.1/avrxmega6\libgcc.a
LOAD c:/program files (x86)/atmel/atmel toolchain/avr8 gcc/native/3.4.1056/avr8-gnu-toolchain/bin/../lib/gcc/avr/4.8.1/../../../../avr/lib/avrxmega6\libm.a
START GROUP
LOAD c:/program files (x86)/atmel/atmel toolchain/avr8 gcc/native/3.4.1056/avr8-gnu-toolchain/bin/../lib/gcc/avr/4.8.1/avrxmega6\libgcc.a
LOAD c:/program files (x86)/atmel/atmel toolchain/avr8 gcc/native/3.4.1056/avr8-gnu-toolchain/bin/../lib/gcc/avr/4.8.1/../../../../avr/lib/avrxmega6\libm.a
LOAD c:/program files (x86)/atmel/atmel toolchain/avr8 gcc/native/3.4.1056/avr8-gnu-toolchain/bin/../lib/gcc/avr/4.8.1/../../../../avr/lib/avrxmega6\libc.a
END GROUP

.hash
 *(.hash)

.dynsym
 *(.dynsym)

.dynstr
 *(.dynstr)

.gnu.version
 *(.gnu.version)

.gnu.version_d
 *(.gnu.version_d)

.gnu.version_r
 *(.gnu.version_r)

.rel.init
 *(.rel.init)

.rela.init
 *(.rela.init)

.rel.text
 *(.rel.text)
 *(.rel.text.*)
 *(.rel.gnu.linkonce.t*)

.rela.text
 *(.rela.text)
 *(.rela.text.*)
 *(.rela.gnu.linkonce.t*)

.rel.fini
 *(.rel.fini)

.rela.fini
 *(.rela.fini)

.rel.rodata
 *(.rel.rodata)
 *(.rel.rodata.*)
 *(.rel.gnu.linkonce.r*)

.rela.rodata
 *(.rela.rodata)
 *(.rela.rodata.*)
 *(.rela.gnu.linkonce.r*)

.rel.data
 *(.rel.data)
 *(.rel.data.*)
 *(.rel.gnu.linkonce.d*)

.rela.data
 *(.rela.data)
 *(.rela.data.*)
 *(.rela.gnu.linkonce.d*)

.rel.ctors
 *(.rel.ctors)

.rela.ctors
 *(.rela.ctors)

.rel.dtors
 *(.rel.dtors)

.rela.dtors
 *(.rela.dtors)

.rel.got
 *(.rel.got)

.rela.got
 *(.rela.got)

.rel.bss
 *(.rel.bss)

.rela.bss
 *(.rela.bss)

.rel.plt
 *(.rel.plt)

.rela.plt
 *(.rela.plt)

.text           0x00000000      0x204
 *(.vectors)
 .vectors       0x00000000      0x1e8 c:/program files (x86)/atmel/atmel toolchain/avr8 gcc/native/3.4.1056/avr8-gnu-toolchain/bin/../lib/gcc/avr/4.8.1/../../../../avr/lib/avrxmega6/crtx128a3.o
                0x00000000                __vector_default
                0x00000000                __vectors
 *(.vectors)
 *(.progmem.gcc*)
                0x000001e8                . = ALIGN (0x2)
                0x000001e8                __trampolines_start = .
 *(.trampolines)
 .trampolines   0x000001e8        0x0 linker stubs
 *(.trampolines*)
                0x000001e8                __trampolines_end = .
 *(.progmem*)
                0x000001e8                . = ALIGN (0x2)
 *(.jumptables)
 *(.jumptables*)
 *(.lowtext)
 *(.lowtext*)
                0x000001e8                __ctors_start = .
 *(.ctors)
                0x000001e8                __ctors_end = .
                0x000001e8                __dtors_start = .
 *(.dtors)
                0x000001e8                __dtors_end = .
 SORT(*)(.ctors)
 SORT(*)(.dtors)
 *(.init0)
 .init0         0x000001e8        0x0 c:/program files (x86)/atmel/atmel toolchain/avr8 gcc/native/3.4.1056/avr8-gnu-toolchain/bin/../lib/gcc/avr/4.8.1/../../../../avr/lib/avrxmega6/crtx128a3.o
                0x000001e8                __init
 *(.init0)
 *(.init1)
 *(.init1)
 *(.init2)
 .init2         0x000001e8       0x10 c:/program files (x86)/atmel/atmel toolchain/avr8 gcc/native/3.4.1056/avr8-gnu-toolchain/bin/../lib/gcc/avr/4.8.1/../../../../avr/lib/avrxmega6/crtx128a3.o
 *(.init2)
 *(.init3)
 *(.init3)
 *(.init4)
 *(.init4)
 *(.init5)
 *(.init5)
 *(.init6)
 *(.init6)
 *(.init7)
 *(.init7)
 *(.init8)
 *(.init8)
 *(.init9)
 .init9         0x000001f8        0x4 c:/program files (x86)/atmel/atmel toolchain/avr8 gcc/native/3.4.1056/avr8-gnu-toolchain/bin/../lib/gcc/avr/4.8.1/../../../../avr/lib/avrxmega6/crtx128a3.o
 *(.init9)
 *(.text)
 .text          0x000001fc        0x2 c:/program files (x86)/atmel/atmel toolchain/avr8 gcc/native/3.4.1056/avr8-gnu-toolchain/bin/../lib/gcc/avr/4.8.1/../../../../avr/lib/avrxmega6/crtx128a3.o
                0x000001fc                __vector_38
                0x000001fc                __vector_104
                0x000001fc                __vector_22
                0x000001fc                __vector_63
                0x000001fc                __vector_28
                0x000001fc                __vector_67
                0x000001fc                __vector_1
                0x000001fc                __vector_119
                0x000001fc                __vector_32
                0x000001fc                __vector_75
                0x000001fc                __vector_71
                0x000001fc                __vector_91
                0x000001fc                __vector_34
                0x000001fc                __vector_62
                0x000001fc                __vector_77
                0x000001fc                __vector_102
                0x000001fc                __vector_24
                0x000001fc                __vector_12
                0x000001fc                __vector_55
                0x000001fc                __vector_69
                0x000001fc                __vector_81
                0x000001fc                __vector_90
                0x000001fc                __vector_46
                0x000001fc                __bad_interrupt
                0x000001fc                __vector_72
                0x000001fc                __vector_114
                0x000001fc                __vector_6
                0x000001fc                __vector_110
                0x000001fc                __vector_31
                0x000001fc                __vector_92
                0x000001fc                __vector_35
                0x000001fc                __vector_78
                0x000001fc                __vector_74
                0x000001fc                __vector_117
                0x000001fc                __vector_39
                0x000001fc                __vector_107
                0x000001fc                __vector_3
                0x000001fc                __vector_105
                0x000001fc                __vector_98
                0x000001fc                __vector_23
                0x000001fc                __vector_68
                0x000001fc                __vector_30
                0x000001fc                __vector_73
                0x000001fc                __vector_45
                0x000001fc                __vector_25
                0x000001fc                __vector_93
                0x000001fc                __vector_61
                0x000001fc                __vector_11
                0x000001fc                __vector_54
                0x000001fc                __vector_99
                0x000001fc                __vector_13
                0x000001fc                __vector_17
                0x000001fc                __vector_19
                0x000001fc                __vector_56
                0x000001fc                __vector_7
                0x000001fc                __vector_49
                0x000001fc                __vector_41
                0x000001fc                __vector_86
                0x000001fc                __vector_100
                0x000001fc                __vector_101
                0x000001fc                __vector_64
                0x000001fc                __vector_88
                0x000001fc                __vector_109
                0x000001fc                __vector_43
                0x000001fc                __vector_27
                0x000001fc                __vector_5
                0x000001fc                __vector_113
                0x000001fc                __vector_33
                0x000001fc                __vector_76
                0x000001fc                __vector_115
                0x000001fc                __vector_47
                0x000001fc                __vector_52
                0x000001fc                __vector_37
                0x000001fc                __vector_95
                0x000001fc                __vector_103
                0x000001fc                __vector_96
                0x000001fc                __vector_89
                0x000001fc                __vector_108
                0x000001fc                __vector_4
                0x000001fc                __vector_44
                0x000001fc                __vector_82
                0x000001fc                __vector_106
                0x000001fc                __vector_118
                0x000001fc                __vector_51
                0x000001fc                __vector_9
                0x000001fc                __vector_2
                0x000001fc                __vector_21
                0x000001fc                __vector_15
                0x000001fc                __vector_66
                0x000001fc                __vector_36
                0x000001fc                __vector_79
                0x000001fc                __vector_58
                0x000001fc                __vector_70
                0x000001fc                __vector_83
                0x000001fc                __vector_29
                0x000001fc                __vector_60
                0x000001fc                __vector_121
                0x000001fc                __vector_40
                0x000001fc                __vector_85
                0x000001fc                __vector_94
                0x000001fc                __vector_8
                0x000001fc                __vector_26
                0x000001fc                __vector_48
                0x000001fc                __vector_116
                0x000001fc                __vector_112
                0x000001fc                __vector_111
                0x000001fc                __vector_80
                0x000001fc                __vector_14
                0x000001fc                __vector_84
                0x000001fc                __vector_57
                0x000001fc                __vector_53
                0x000001fc                __vector_10
                0x000001fc                __vector_50
                0x000001fc                __vector_16
                0x000001fc                __vector_59
                0x000001fc                __vector_18
                0x000001fc                __vector_97
                0x000001fc                __vector_20
                0x000001fc                __vector_42
                0x000001fc                __vector_87
                0x000001fc                __vector_65
                0x000001fc                __vector_120
                0x000001fe                . = ALIGN (0x2)
 *(.text.*)
 .text.main     0x000001fe        0x2 RTVT.o
                0x000001fe                main
                0x00000200                . = ALIGN (0x2)
 *(.fini9)
 .fini9         0x00000200        0x0 c:/program files (x86)/atmel/atmel toolchain/avr8 gcc/native/3.4.1056/avr8-gnu-toolchain/bin/../lib/gcc/avr/4.8.1/avrxmega6\libgcc.a(_exit.o)
                0x00000200                _exit
                0x00000200                exit
 *(.fini9)
 *(.fini8)
 *(.fini8)
 *(.fini7)
 *(.fini7)
 *(.fini6)
 *(.fini6)
 *(.fini5)
 *(.fini5)
 *(.fini4)
 *(.fini4)
 *(.fini3)
 *(.fini3)
 *(.fini2)
 *(.fini2)
 *(.fini1)
 *(.fini1)
 *(.fini0)
 .fini0         0x00000200        0x4 c:/program files (x86)/atmel/atmel toolchain/avr8 gcc/native/3.4.1056/avr8-gnu-toolchain/bin/../lib/gcc/avr/4.8.1/avrxmega6\libgcc.a(_exit.o)
 *(.fini0)
                0x00000204                _etext = .

.data           0x00802000        0x0 load address 0x00000204
                0x00802000                PROVIDE (__data_start, .)
 *(.data)
 .data          0x00802000        0x0 c:/program files (x86)/atmel/atmel toolchain/avr8 gcc/native/3.4.1056/avr8-gnu-toolchain/bin/../lib/gcc/avr/4.8.1/../../../../avr/lib/avrxmega6/crtx128a3.o
 .data          0x00802000        0x0 RTVT.o
 .data          0x00802000        0x0 uart_driver.o
 .data          0x00802000        0x0 c:/program files (x86)/atmel/atmel toolchain/avr8 gcc/native/3.4.1056/avr8-gnu-toolchain/bin/../lib/gcc/avr/4.8.1/avrxmega6\libgcc.a(_exit.o)
 *(.data*)
 *(.rodata)
 *(.rodata*)
 *(.gnu.linkonce.d*)
                0x00802000                . = ALIGN (0x2)
                0x00802000                _edata = .
                0x00802000                PROVIDE (__data_end, .)

.bss            0x00802000        0x0
                0x00802000                PROVIDE (__bss_start, .)
 *(.bss)
 *(.bss*)
 *(COMMON)
                0x00802000                PROVIDE (__bss_end, .)
                0x00000204                __data_load_start = LOADADDR (.data)
                0x00000204                __data_load_end = (__data_load_start + SIZEOF (.data))

.noinit         0x00802000        0x0
                0x00802000                PROVIDE (__noinit_start, .)
 *(.noinit*)
                0x00802000                PROVIDE (__noinit_end, .)
                0x00802000                _end = .
                0x00802000                PROVIDE (__heap_start, .)

.eeprom         0x00810000        0x0
 *(.eeprom*)
                0x00810000                __eeprom_end = .

.fuse
 *(.fuse)
 *(.lfuse)
 *(.hfuse)
 *(.efuse)

.lock
 *(.lock*)

.signature
 *(.signature*)

.user_signatures
 *(.user_signatures*)

.stab
 *(.stab)

.stabstr
 *(.stabstr)

.stab.excl
 *(.stab.excl)

.stab.exclstr
 *(.stab.exclstr)

.stab.index
 *(.stab.index)

.stab.indexstr
 *(.stab.indexstr)

.comment        0x00000000       0x30
 *(.comment)
 .comment       0x00000000       0x30 RTVT.o
                                 0x31 (size before relaxing)
 .comment       0x00000000       0x31 uart_driver.o

.note.gnu.build-id
 *(.note.gnu.build-id)

.debug
 *(.debug)

.line
 *(.line)

.debug_srcinfo
 *(.debug_srcinfo)

.debug_sfnames
 *(.debug_sfnames)

.debug_aranges  0x00000000       0x48
 *(.debug_aranges)
 .debug_aranges
                0x00000000       0x20 RTVT.o
 .debug_aranges
                0x00000020       0x28 uart_driver.o

.debug_pubnames
 *(.debug_pubnames)

.debug_info     0x00000000      0x32d
 *(.debug_info .gnu.linkonce.wi.*)
 .debug_info    0x00000000       0x82 RTVT.o
 .debug_info    0x00000082      0x2ab uart_driver.o

.debug_abbrev   0x00000000      0x1b4
 *(.debug_abbrev)
 .debug_abbrev  0x00000000       0x44 RTVT.o
 .debug_abbrev  0x00000044      0x170 uart_driver.o

.debug_line     0x00000000      0x234
 *(.debug_line .debug_line.* .debug_line_end)
 .debug_line    0x00000000       0x3b RTVT.o
 .debug_line    0x0000003b      0x1f9 uart_driver.o

.debug_frame    0x00000000       0x88
 *(.debug_frame)
 .debug_frame   0x00000000       0x24 RTVT.o
 .debug_frame   0x00000024       0x64 uart_driver.o

.debug_str      0x00000000      0x27b
 *(.debug_str)
 .debug_str     0x00000000      0x145 RTVT.o
                                0x179 (size before relaxing)
 .debug_str     0x00000145      0x136 uart_driver.o
                                0x2b2 (size before relaxing)

.debug_loc      0x00000000      0x119
 *(.debug_loc)
 .debug_loc     0x00000000      0x119 uart_driver.o

.debug_macinfo
 *(.debug_macinfo)

.debug_weaknames
 *(.debug_weaknames)

.debug_funcnames
 *(.debug_funcnames)

.debug_typenames
 *(.debug_typenames)

.debug_varnames
 *(.debug_varnames)

.debug_pubtypes
 *(.debug_pubtypes)

.debug_ranges   0x00000000       0x28
 *(.debug_ranges)
 .debug_ranges  0x00000000       0x10 RTVT.o
 .debug_ranges  0x00000010       0x18 uart_driver.o

.debug_macro
 *(.debug_macro)
OUTPUT(RTVT.elf elf32-avr)
LOAD linker stubs
